edges
| Test.java:38:23:38:38 | getData(...) : String | Test.java:40:19:40:22 | data |
| Test.java:69:23:69:38 | getData(...) : String | Test.java:72:23:72:26 | data |
| Test.java:77:23:77:38 | getData(...) : String | Test.java:82:23:82:26 | data |
| Test.java:87:23:87:38 | getData(...) : String | Test.java:92:23:92:26 | data |
| Test.java:97:23:97:38 | getData(...) : String | Test.java:101:19:101:29 | stillUnsafe |
nodes
| Test.java:38:23:38:38 | getData(...) : String | semmle.label | getData(...) : String |
| Test.java:40:19:40:22 | data | semmle.label | data |
| Test.java:69:23:69:38 | getData(...) : String | semmle.label | getData(...) : String |
| Test.java:72:23:72:26 | data | semmle.label | data |
| Test.java:77:23:77:38 | getData(...) : String | semmle.label | getData(...) : String |
| Test.java:82:23:82:26 | data | semmle.label | data |
| Test.java:87:23:87:38 | getData(...) : String | semmle.label | getData(...) : String |
| Test.java:92:23:92:26 | data | semmle.label | data |
| Test.java:97:23:97:38 | getData(...) : String | semmle.label | getData(...) : String |
| Test.java:101:19:101:29 | stillUnsafe | semmle.label | stillUnsafe |
subpaths
#select
| Test.java:40:19:40:22 | data | Test.java:38:23:38:38 | getData(...) : String | Test.java:40:19:40:22 | data | Some alert message |
| Test.java:72:23:72:26 | data | Test.java:69:23:69:38 | getData(...) : String | Test.java:72:23:72:26 | data | Some alert message |
| Test.java:82:23:82:26 | data | Test.java:77:23:77:38 | getData(...) : String | Test.java:82:23:82:26 | data | Some alert message |
| Test.java:92:23:92:26 | data | Test.java:87:23:87:38 | getData(...) : String | Test.java:92:23:92:26 | data | Some alert message |
| Test.java:101:19:101:29 | stillUnsafe | Test.java:97:23:97:38 | getData(...) : String | Test.java:101:19:101:29 | stillUnsafe | Some alert message |
